// Jest Snapshot v1, https://goo.gl/fbAQLP

exports[`<Button/> should match snaphot 1`] = `
<button
  class="btn"
>
  Load More
</button>
`;
