// Jest Snapshot v1, https://goo.gl/fbAQLP

exports[`<Post /> should match snaphot 1`] = `
<div
  class="posts"
>
  <div
    class="post"
  >
    <img
      alt="title 1"
      class="post-img"
      src="img/img1.png"
    />
    <div
      class="post-content"
    >
      <h2
        class="title-1"
      >
        title 1
         
         1
      </h2>
      <p
        class="text"
      >
        body 1
      </p>
    </div>
  </div>
  <div
    class="post"
  >
    <img
      alt="title 2"
      class="post-img"
      src="img/img2.png"
    />
    <div
      class="post-content"
    >
      <h2
        class="title-1"
      >
        title 2
         
         2
      </h2>
      <p
        class="text"
      >
        body 2
      </p>
    </div>
  </div>
  <div
    class="post"
  >
    <img
      alt="title 3"
      class="post-img"
      src="img/img3.png"
    />
    <div
      class="post-content"
    >
      <h2
        class="title-1"
      >
        title 3
         
         3
      </h2>
      <p
        class="text"
      >
        body 3
      </p>
    </div>
  </div>
</div>
`;
